{
  "version": "3.0",
  "ads": [
    {
      "adType": 1,
      "adTitle": "VAST 2.0 Instream Test 1",
      "description": "VAST 2.0 Instream Test 1",
      "adSystem": {
        "name": "Acudeo Compatible"
      },
      "id": "601364",
      "error": "http://myErrorURL/error",
      "impressions": [
        {
          "uri": "http://myTrackingURL/impression"
        }
      ],
      "creatives": [
        {
          "creativeType": 1,
          "duration": "01:00:00",
          "adParameters": {
            "xmlEncoded": false,
            "value": ""
          }
        },
        {
          "creativeType": 1,
          "duration": "01:00:00",
          "adParameters": {
            "xmlEncoded": false,
            "value": "test"
          }
        },
        {
          "creativeType": 1,
          "duration": "01:00:00",
          "adParameters": {
            "xmlEncoded": false,
            "value": "test"
          }
        },
        {
          "creativeType": 1,
          "duration": "01:00:00",
          "adParameters": {
            "xmlEncoded": true,
            "value": {
              "xmlEncoded": "true",
              "$t": "test"
            }
          }
        },
        {
          "creativeType": 1,
          "duration": "01:00:00",
          "adParameters": {
            "xmlEncoded": true,
            "value": {
              "xmlEncoded": "true",
              "root": [
                {
                  "sub": [
                    {
                      "$t": "1"
                    }
                  ]
                }
              ]
            }
          }
        },
        {
          "creativeType": 1,
          "duration": "01:00:00",
          "adParameters": {
            "xmlEncoded": false,
            "value": "<root><sub>1</sub></root>"
          }
        }
      ]
    }
  ]
}
